// Jest Snapshot v1, https://goo.gl/fbAQLP

exports[`ViewPager.android Shallow test Shallow test 1`] = `
<UnimplementedView
  initialPage={1}
  onPageSelected={[Function]}
  style={
    Object {
      "flex": 1,
    }
  }
>
  <Component>
    <IntroducePage
      backgroundColor="#01A3AE"
      content="Thank you for installing Paperboy.What makes Paperboy different form other news reader apps is its simplicity and elegant design."
      image={
        Object {
          "testUri": "../../../img/introduce_icon1.png",
        }
      }
      title="Welcome"
    />
  </Component>
  <Component>
    <IntroducePage
      backgroundColor="#4CAF50"
      content="We believe that each user is unique and hence several customization options are provided to suit different reading styles.To customize please visit the settings page."
      image={
        Object {
          "testUri": "../../../img/introduce_icon2.png",
        }
      }
      title="Customizations"
    />
  </Component>
  <Component>
    <IntroducePage
      backgroundColor="#673AB8"
      content="The home screen tiles will automatically reaarrange based on reading patterns for better user experence.All data is stored locally kepping in mind user privacy."
      image={
        Object {
          "testUri": "../../../img/introduce_icon3.png",
        }
      }
      title="Reading pattern learner"
    />
  </Component>
</UnimplementedView>
`;

exports[`ViewPager.android Snapshot test Snapshot test 1`] = `
<View
  style={
    Array [
      Object {
        "alignSelf": "flex-start",
        "borderColor": "red",
        "borderWidth": 1,
      },
      Object {
        "flex": 1,
      },
    ]
  }
>
  <View>
    <View
      style={
        Array [
          Object {
            "alignItems": "center",
            "flex": 1,
          },
          Object {
            "backgroundColor": "#01A3AE",
            "height": 1334,
            "width": 750,
          },
        ]
      }
    >
      <View
        style={
          Object {
            "flex": 1,
            "justifyContent": "center",
          }
        }
      >
        <Text
          style={
            Array [
              Object {
                "color": "white",
                "textAlign": "center",
              },
              Object {
                "fontSize": 28,
              },
            ]
          }
        >
          Welcome
        </Text>
      </View>
      <Image
        source={
          Object {
            "testUri": "../../../img/introduce_icon1.png",
          }
        }
        style={
          Object {
            "flex": 1,
          }
        }
      />
      <View
        style={
          Object {
            "flex": 1,
            "justifyContent": "flex-end",
          }
        }
      >
        <Text
          style={
            Array [
              Object {
                "color": "white",
                "textAlign": "center",
              },
              Object {
                "fontSize": 16,
              },
            ]
          }
        >
          Thank you for installing Paperboy.What makes Paperboy different form other news reader apps is its simplicity and elegant design.
        </Text>
      </View>
      <View
        style={
          Object {
            "backgroundColor": "rgba(0, 0, 0, 0.1)",
            "height": 1,
            "marginBottom": 50,
            "marginTop": 20,
            "width": 750,
          }
        }
      />
    </View>
  </View>
  <View>
    <View
      style={
        Array [
          Object {
            "alignItems": "center",
            "flex": 1,
          },
          Object {
            "backgroundColor": "#4CAF50",
            "height": 1334,
            "width": 750,
          },
        ]
      }
    >
      <View
        style={
          Object {
            "flex": 1,
            "justifyContent": "center",
          }
        }
      >
        <Text
          style={
            Array [
              Object {
                "color": "white",
                "textAlign": "center",
              },
              Object {
                "fontSize": 28,
              },
            ]
          }
        >
          Customizations
        </Text>
      </View>
      <Image
        source={
          Object {
            "testUri": "../../../img/introduce_icon2.png",
          }
        }
        style={
          Object {
            "flex": 1,
          }
        }
      />
      <View
        style={
          Object {
            "flex": 1,
            "justifyContent": "flex-end",
          }
        }
      >
        <Text
          style={
            Array [
              Object {
                "color": "white",
                "textAlign": "center",
              },
              Object {
                "fontSize": 16,
              },
            ]
          }
        >
          We believe that each user is unique and hence several customization options are provided to suit different reading styles.To customize please visit the settings page.
        </Text>
      </View>
      <View
        style={
          Object {
            "backgroundColor": "rgba(0, 0, 0, 0.1)",
            "height": 1,
            "marginBottom": 50,
            "marginTop": 20,
            "width": 750,
          }
        }
      />
    </View>
  </View>
  <View>
    <View
      style={
        Array [
          Object {
            "alignItems": "center",
            "flex": 1,
          },
          Object {
            "backgroundColor": "#673AB8",
            "height": 1334,
            "width": 750,
          },
        ]
      }
    >
      <View
        style={
          Object {
            "flex": 1,
            "justifyContent": "center",
          }
        }
      >
        <Text
          style={
            Array [
              Object {
                "color": "white",
                "textAlign": "center",
              },
              Object {
                "fontSize": 28,
              },
            ]
          }
        >
          Reading pattern learner
        </Text>
      </View>
      <Image
        source={
          Object {
            "testUri": "../../../img/introduce_icon3.png",
          }
        }
        style={
          Object {
            "flex": 1,
          }
        }
      />
      <View
        style={
          Object {
            "flex": 1,
            "justifyContent": "flex-end",
          }
        }
      >
        <Text
          style={
            Array [
              Object {
                "color": "white",
                "textAlign": "center",
              },
              Object {
                "fontSize": 16,
              },
            ]
          }
        >
          The home screen tiles will automatically reaarrange based on reading patterns for better user experence.All data is stored locally kepping in mind user privacy.
        </Text>
      </View>
      <View
        style={
          Object {
            "backgroundColor": "rgba(0, 0, 0, 0.1)",
            "height": 1,
            "marginBottom": 50,
            "marginTop": 20,
            "width": 750,
          }
        }
      />
    </View>
  </View>
</View>
`;
